[buildSpyFeatures] loading raw series...
  base df: 2658 rows, 2016-01-05 to 2026-07-31
  building SPY technical features...
  building vol regime features...
  loading options snapshot...
    options rows: 24
  building cross-asset features...
  building macro features...
  building sector rotation features...
    11 sector ETFs + 6 composite features added
  building macro event flags...
    FOMC days: 86 | CPI days: 125 | NFP days: 124
  building VWAP features...
    VWAP cache rows: 1371, date range: 2021-01-04 to 2026-06-23
  building block order features...
    Block events: 3137 | days with blocks: 935
  building intraday aggregated features...
    intraday features rows: 1367, date range: 2021-01-04 to 2026-06-12
  building GEX features...
    GEX cache rows: 3833, date range: 2011-05-02 to 2026-07-29
    gex_b coverage in spy_features: 99.9%
  building VIX term structure / VVIX features...
    vix_term cache rows: 2540, range: 2016-06-23 to 2026-07-31
    vvix coverage in spy_features: 95.3%
    vix_term_slope coverage: 95.4%
  building regime labels...
    bull=747  bear=238  chop=1673
    VIX p33=14.8  p67=19.5  p80=22.7
  building regime-change + interaction features...
    rate-shock regime: 166 shock days, 166 easing days
    returns-distribution regime: ret_skew_21, ret_kurt_21, drawdown_63d, regime_age_z added
  loading moon phase + weather features...
    moon phase coverage: 2658/2658 rows (100%)
    weather coverage: NYC=2654 rows, CHI=2654 rows
  alt data 1: 18 cols, wikipedia=2632 rows
  alt data 2: 14 cols, daylight=2632 rows
  google trends: 17 cols, trends_spy=99% coverage (+2bd publication lag applied)
  sentiment: aaii=99%, crypto_fear_greed=79%
  macro sentiment: icsa=99% coverage
  regime×sentiment interactions: added
  [info] wsb_daily.csv not found — run fetchRedditWSB.py (optional)
  CBOE SKEW: 9 cols, coverage=98%

  feature columns: 316
    [sparse] aqi_bad_flag: 0%
    [sparse] aqi_pm25_nyc: 0%
    [sparse] aqi_z21: 0%
    [sparse] cboe_pcr_equity: 36%
    [sparse] cboe_pcr_z21: 0%
    [sparse] mta_bus_riders: 46%
    [sparse] mta_riders_z21: 45%
    [sparse] mta_subway_riders: 46%
    [sparse] mta_total_riders: 46%
    [sparse] opt_atm_iv_avg: 1%
    [sparse] opt_iv_skew_otm: 1%
    [sparse] opt_iv_term_slope: 1%
    [sparse] opt_pcr_vol: 1%
    [sparse] opt_vega_weighted_iv: 1%

[buildSpyFeatures] wrote 2658 rows -> /home/jhcv/discordBot/outputs/features/markets/spy_features.csv
