
Attaching package: ‘dplyr’

The following objects are masked from ‘package:stats’:

    filter, lag

The following objects are masked from ‘package:base’:

    intersect, setdiff, setequal, union


>>> Pulling batter leaderboards by position...
  Pulling: C
  Pulling: 1B
  Pulling: 2B
  Pulling: 3B
  Pulling: SS
  Pulling: OF
  Total unique batters: 216

>>> Pulling pitcher leaderboard...
  SP: 250 | RP: 50
Saved player_pool.csv (516 total players)

>>> Fetching Batters game logs for 216 players...
  Progress: 10/216
  Progress: 20/216
  Progress: 30/216
  Progress: 40/216
  Progress: 50/216
  Progress: 60/216
  Progress: 70/216
  Progress: 80/216
  Progress: 90/216
  Progress: 100/216
  Progress: 110/216
  Progress: 120/216
  Progress: 130/216
  Progress: 140/216
  Progress: 150/216
  Progress: 160/216
  Progress: 170/216
  Progress: 180/216
  Progress: 190/216
  Progress: 200/216
  Progress: 210/216

>>> Fetching SP game logs for 250 players...
  Progress: 10/250
  Progress: 20/250
  Progress: 30/250
  Progress: 40/250
  Progress: 50/250
  Progress: 60/250
  Progress: 70/250
  Progress: 80/250
  Progress: 90/250
  Progress: 100/250
  Progress: 110/250
  Progress: 120/250
  Progress: 130/250
  Progress: 140/250
  Progress: 150/250
  Progress: 160/250
  Progress: 170/250
  Progress: 180/250
  Progress: 190/250
  Progress: 200/250
  Progress: 210/250
  Progress: 220/250
  Progress: 230/250
  Progress: 240/250
  Progress: 250/250

>>> Fetching RP game logs for 50 players...
  Progress: 10/50
  Progress: 20/50
  Progress: 30/50
  Progress: 40/50
  Progress: 50/50

Saved batter_game_logs.csv  (18129 rows)
Saved pitcher_game_logs.csv (6979 rows)

===== TOP 10 BATTERS BY FANTASY PTS =====
# A tibble: 10 × 5
   player_name         fantasy_position games fantasy_pts avg_pts_per_game
   <chr>               <chr>            <int>       <dbl>            <dbl>
 1 James Wood          OF                 108         351             3.25
 2 CJ Abrams           SS                 104         331             3.18
 3 Junior Caminero     3B                 106         326             3.08
 4 Miguel Vargas       3B                 105         314             2.99
 5 Ben Rice            1B                 102         308             3.02
 6 Pete Crow-Armstrong OF                 107         300             2.8 
 7 Otto Lopez          SS                 104         299             2.88
 8 Bryce Harper        1B                 108         289             2.68
 9 Jordan Walker       OF                 105         288             2.74
10 Matt Olson          1B                 106         288             2.72

===== TOP 10 PITCHERS BY FANTASY PTS =====
# A tibble: 10 × 5
   player_name        fantasy_position games fantasy_pts avg_pts_per_game
   <chr>              <chr>            <int>       <dbl>            <dbl>
 1 Jacob Misiorowski  SP                  20        425.            21.2 
 2 Cam Schlittler     SP                  22        366.            16.6 
 3 Cristopher Sánchez SP                  22        334.            15.2 
 4 Dylan Cease        SP                  19        319             16.8 
 5 Gavin Williams     SP                  22        318.            14.5 
 6 Yoshinobu Yamamoto SP                  19        312.            16.4 
 7 Mason Miller       RP                  43        304.             7.08
 8 Chris Sale         SP                  19        302.            15.9 
 9 Chase Burns        SP                  20        298.            14.9 
10 Foster Griffin     SP                  21        297.            14.1 

===== OUTPUT FILES =====
   ~/discordBot/outputs/sports/mlb/fantasy/playerData/player_pool.csv 
   ~/discordBot/outputs/sports/mlb/fantasy/playerData/batter_game_logs.csv 
   ~/discordBot/outputs/sports/mlb/fantasy/playerData/pitcher_game_logs.csv 
   ~/discordBot/outputs/sports/mlb/fantasy/playerData/batter_season_summary.csv 
   ~/discordBot/outputs/sports/mlb/fantasy/playerData/pitcher_season_summary.csv 
