[buildPitchFeatures] loading statcast data...
  loaded statcast_2026_03.csv: 27,043 rows
  loaded statcast_2026_04.csv: 121,863 rows
  loaded statcast_2026_05.csv: 124,493 rows
  loaded statcast_2026_06.csv: 132,643 rows
  loaded statcast_2026_07.csv: 118,178 rows
  loaded statcast_2026_08.csv: 8,759 rows
  total statcast rows: 532,979
[buildPitchFeatures] loading batter features...
[buildPitchFeatures] indexing statcast by batter...
  611 unique batters in statcast data
  built name->mlbam crosswalk: 1220 entries
  eligible feature rows (within statcast window): 19,143
  statcast window: 2026-03-25 to 2026-08-02
  progress: 50/219 players, 4,511 rows patched
  progress: 100/219 players, 8,629 rows patched
  progress: 150/219 players, 13,041 rows patched
  progress: 200/219 players, 17,268 rows patched

[buildPitchFeatures] done.
  rows patched with pitch features: 18,833 / 19,143
  players skipped (no statcast match): 0
  feature columns added: ['bat_speed_r14', 'swing_length_r14', 'attack_angle_r14', 'sweet_spot_pct_r14', 'fastball_pct_r14', 'breaking_pct_r14', 'offspeed_pct_r14', 'chase_rate_r14', 'zone_contact_r14', 'whiff_rate_r14', 'first_pitch_strike_r14', 'xba_r14', 'xwoba_pitch_r14', 'hard_contact_r14', 'barrel_rate_r14', 'times_thru_order_r14', 'count_leverage_r14']
  wrote 154,072 rows -> /home/jhcv/discordBot/outputs/features/sports/batter_features.csv
