[1] Loading BTC price bars...
[2] Building price/momentum features...
[3] Building volatility regime features...
[4] Building on-chain features...
[5] Building halving cycle features...
[6] Building cross-asset features...
[7] Building macro features...
[8] Building calendar features...
[9] Computing target variables...
[10] Saving feature matrix...

Output: /home/jhcv/discordBot/outputs/features/markets/btc_features.csv
  4284 rows x 78 columns

Feature coverage (% non-NaN, bottom 10):
  uso_z21: 60.9%
  spy_z21: 60.9%
  gld_z21: 60.9%
  gld_ret_5d: 61.1%
  spy_ret_5d: 61.1%
  gld_ret_1d: 61.2%
  uso_ret_1d: 61.2%
  spy_ret_1d: 61.2%
  eth_z21: 72.7%
  eth_ret_5d: 73.0%

Date range: 2014-09-17 to 2026-06-09
Rows with MVRV: 4284
Done.
EXIT_CODE=0
